// Jest Snapshot v1, https://goo.gl/fbAQLP

exports[`searchSelectors getResults 1`] = `undefined`;
