// Jest Snapshot v1, https://goo.gl/fbAQLP

exports[`Paste transforms plaintext line block type to paragraph type 1`] = `
Object {
  "data": Object {},
  "nodes": Array [
    Object {
      "marks": Array [],
      "object": "text",
      "text": "Text from PlaintextEditor",
    },
  ],
  "object": "block",
  "type": "paragraph",
}
`;
