// Jest Snapshot v1, https://goo.gl/fbAQLP

exports[`util/getSrcSets crop and focal point 1`] = `"https://api.test.ndla.no/image-api/raw/id/3?width=1440&cropStartX=30&cropStartY=40&cropEndX=50&cropEndY=60&focalX=30&focalY=40 1440w, https://api.test.ndla.no/image-api/raw/id/3?width=1120&cropStartX=30&cropStartY=40&cropEndX=50&cropEndY=60&focalX=30&focalY=40 1120w, https://api.test.ndla.no/image-api/raw/id/3?width=1000&cropStartX=30&cropStartY=40&cropEndX=50&cropEndY=60&focalX=30&focalY=40 1000w, https://api.test.ndla.no/image-api/raw/id/3?width=960&cropStartX=30&cropStartY=40&cropEndX=50&cropEndY=60&focalX=30&focalY=40 960w, https://api.test.ndla.no/image-api/raw/id/3?width=800&cropStartX=30&cropStartY=40&cropEndX=50&cropEndY=60&focalX=30&focalY=40 800w, https://api.test.ndla.no/image-api/raw/id/3?width=640&cropStartX=30&cropStartY=40&cropEndX=50&cropEndY=60&focalX=30&focalY=40 640w, https://api.test.ndla.no/image-api/raw/id/3?width=480&cropStartX=30&cropStartY=40&cropEndX=50&cropEndY=60&focalX=30&focalY=40 480w, https://api.test.ndla.no/image-api/raw/id/3?width=320&cropStartX=30&cropStartY=40&cropEndX=50&cropEndY=60&focalX=30&focalY=40 320w, https://api.test.ndla.no/image-api/raw/id/3?width=320&cropStartX=30&cropStartY=40&cropEndX=50&cropEndY=60&focalX=30&focalY=40 320w"`;

exports[`util/getSrcSets only crop 1`] = `"https://api.test.ndla.no/image-api/raw/id/3?width=1440&cropStartX=30&cropStartY=40&cropEndX=50&cropEndY=60 1440w, https://api.test.ndla.no/image-api/raw/id/3?width=1120&cropStartX=30&cropStartY=40&cropEndX=50&cropEndY=60 1120w, https://api.test.ndla.no/image-api/raw/id/3?width=1000&cropStartX=30&cropStartY=40&cropEndX=50&cropEndY=60 1000w, https://api.test.ndla.no/image-api/raw/id/3?width=960&cropStartX=30&cropStartY=40&cropEndX=50&cropEndY=60 960w, https://api.test.ndla.no/image-api/raw/id/3?width=800&cropStartX=30&cropStartY=40&cropEndX=50&cropEndY=60 800w, https://api.test.ndla.no/image-api/raw/id/3?width=640&cropStartX=30&cropStartY=40&cropEndX=50&cropEndY=60 640w, https://api.test.ndla.no/image-api/raw/id/3?width=480&cropStartX=30&cropStartY=40&cropEndX=50&cropEndY=60 480w, https://api.test.ndla.no/image-api/raw/id/3?width=320&cropStartX=30&cropStartY=40&cropEndX=50&cropEndY=60 320w, https://api.test.ndla.no/image-api/raw/id/3?width=320&cropStartX=30&cropStartY=40&cropEndX=50&cropEndY=60 320w"`;

exports[`util/getSrcSets only focalpoint 1`] = `"https://api.test.ndla.no/image-api/raw/id/3?width=1440&focalX=30&focalY=40 1440w, https://api.test.ndla.no/image-api/raw/id/3?width=1120&focalX=30&focalY=40 1120w, https://api.test.ndla.no/image-api/raw/id/3?width=1000&focalX=30&focalY=40 1000w, https://api.test.ndla.no/image-api/raw/id/3?width=960&focalX=30&focalY=40 960w, https://api.test.ndla.no/image-api/raw/id/3?width=800&focalX=30&focalY=40 800w, https://api.test.ndla.no/image-api/raw/id/3?width=640&focalX=30&focalY=40 640w, https://api.test.ndla.no/image-api/raw/id/3?width=480&focalX=30&focalY=40 480w, https://api.test.ndla.no/image-api/raw/id/3?width=320&focalX=30&focalY=40 320w, https://api.test.ndla.no/image-api/raw/id/3?width=320&focalX=30&focalY=40 320w"`;

exports[`util/getSrcSets without transformData 1`] = `"https://api.test.ndla.no/image-api/raw/id/3?width=1440 1440w, https://api.test.ndla.no/image-api/raw/id/3?width=1120 1120w, https://api.test.ndla.no/image-api/raw/id/3?width=1000 1000w, https://api.test.ndla.no/image-api/raw/id/3?width=960 960w, https://api.test.ndla.no/image-api/raw/id/3?width=800 800w, https://api.test.ndla.no/image-api/raw/id/3?width=640 640w, https://api.test.ndla.no/image-api/raw/id/3?width=480 480w, https://api.test.ndla.no/image-api/raw/id/3?width=320 320w, https://api.test.ndla.no/image-api/raw/id/3?width=320 320w"`;
