// Jest Snapshot v1, https://goo.gl/fbAQLP

exports[`transformUrlIfNeeded does not crash without url 1`] = `undefined`;

exports[`transformUrlIfNeeded returns kahoot embed url if correct kahoot url is used 1`] = `"https://embed.kahoot.it/ab095e8e-1234-1234-1234-a0386f1811b5"`;

exports[`transformUrlIfNeeded returns original if kahoot profile url is used 1`] = `"https://create.kahoot.it/profiles/random/ab095e8e-1234-1234-1234-a0386f1811b5"`;

exports[`transformUrlIfNeeded returns original if wrong kahoot url is used 1`] = `"https://create.kahoot.it/share/random/ab095e8e-1234-1234-1234-a0386f1811b5/test"`;

exports[`transformUrlIfNeeded returns original if wrong kahoot url is used 2`] = `"https://create.kahoot.it/share/random/ab09e8e-1234-1234-1234-a0386f1811b"`;

exports[`transformUrlIfNeeded returns same url if not from nrk 1`] = `"https://somerandomurl.com"`;

exports[`transformUrlIfNeeded returns static nrk url if correct nrk url is used 1`] = `"https://static.nrk.no/ludo/latest/video-embed.html#id=33"`;

exports[`transformUrlIfNeeded returns url sent in if nrk api should return something else 1`] = `"https://www.nrk.no/skole/?mediaId=23618"`;

exports[`transformUrlIfNeeded returns url sent in if nrk api should return undefined 1`] = `"https://www.nrk.no/skole/?mediaId=23618"`;
