// Jest Snapshot v1, https://goo.gl/fbAQLP

exports[`articleSelectors getArticle (en locale) 1`] = `
Object {
  "content": "",
  "created": "11/24/2014",
  "id": "3",
  "introduction": "",
  "metaDescription": "",
  "tags": Array [],
  "title": "testing",
  "updated": "Invalid Date",
  "visualElement": Object {},
}
`;

exports[`articleSelectors getArticle (nb locale) 1`] = `[Function]`;
