// Jest Snapshot v1, https://goo.gl/fbAQLP

exports[`Goes to edit mode, handles submit 1`] = `
.emotion-0 {
  display: -webkit-box;
  display: -webkit-flex;
  display: -ms-flexbox;
  display: flex;
  -webkit-align-items: center;
  -webkit-box-align: center;
  -ms-flex-align: center;
  align-items: center;
  margin: calc(13px / 2);
}

.emotion-2 {
  display: -webkit-box;
  display: -webkit-flex;
  display: -ms-flexbox;
  display: flex;
  -webkit-align-items: center;
  -webkit-box-align: center;
  -ms-flex-align: center;
  align-items: center;
  -webkit-box-pack: center;
  -ms-flex-pack: center;
  -webkit-justify-content: center;
  justify-content: center;
  height: 28px;
  width: 28px;
  border-radius: 50%;
  border: 1px solid;
  line-height: normal;
  background-color: white;
  background-color: #4d4d4d;
  color: #f8f8f8;
  height: 18px;
  width: 18px;
  min-width: 18px;
  margin-right: calc(13px / 2);
}

.emotion-2>svg {
  height: 20px;
  width: 20px;
}

.emotion-2:hover,
.emotion-2:focus {
  background-color: #4d4d4d;
  color: #f8f8f8;
}

.emotion-4 {
  margin-right: calc(13px / 2);
  max-height: 26px;
  width: 100%;
}

.emotion-6,
.emotion-6:disabled {
  height: 24px;
  width: 24px;
  min-width: 24px;
  background-color: #4d4d4d;
  border-color: #4d4d4d;
  padding: 0;
  line-height: 16.9px;
}

.emotion-8 {
  display: inline-block;
  color: #ffffff;
  background-color: #20588f;
  border: 2px solid #20588f;
  border-radius: 4px;
  padding: 4px 13px;
  outline-width: 0;
  cursor: pointer;
  -webkit-text-decoration: none;
  text-decoration: none;
  font-size: 16px;
  font-size: 0.8888888888888888rem;
  line-height: 1.625;
  font-family: 'Source Sans Pro',Helvetica,Arial,STKaiti,'华文楷体',KaiTi,SimKai,'楷体',KaiU,DFKai-SB,'標楷體',SongTi,'宋体',sans-serif;
  font-weight: 700;
  -webkit-transition: all .2s cubic-bezier(0.17, 0.04, 0.03, 0.94);
  transition: all .2s cubic-bezier(0.17, 0.04, 0.03, 0.94);
  box-shadow: none;
  text-align: center;
}

.emotion-8:hover,
.emotion-8:focus {
  color: white;
  background-color: #184673;
  border: 2px solid #184673;
}

.emotion-8[disabled] {
  color: #777777;
  background-color: #e6e6e6;
  border-color: transparent;
  cursor: not-allowed;
}

.emotion-8:focus {
  box-shadow: 0 0 2px #20588f;
}

<div
  class="emotion-0 emotion-1"
>
  <div
    class="emotion-2 emotion-3"
    open=""
  />
  <input
    class="emotion-4 emotion-5"
    data-testid="inlineEditInput"
    type="text"
    value=""
  />
  <button
    class="emotion-6 emotion-7 emotion-8 emotion-9"
    data-testid="inlineEditSaveButton"
    type="button"
  >
    <svg
      aria-hidden="true"
      class="c-icon c-icon--small"
      data-license="Apache License 2.0"
      data-source="Material Design"
      fill="currentColor"
      height="1em"
      preserveAspectRatio="xMidYMid meet"
      style="vertical-align: middle;"
      viewBox="0 0 24 24"
      width="1em"
    >
      <g>
        <path
          d="M0 0h24v24H0z"
          fill="none"
        />
        <path
          d="M9 16.2L4.8 12l-1.4 1.4L9 19 21 7l-1.4-1.4L9 16.2z"
        />
      </g>
    </svg>
  </button>
</div>
`;
