// Jest Snapshot v1, https://goo.gl/fbAQLP

exports[`EditorErrorMessage renders 1`] = `
<div
  className="css-121c9wz emotion-1"
>
  <button
    className="css-15w35ia emotion-0"
    disabled={false}
    onClick={[Function]}
    type="button"
  >
    <svg
      className="c-icon"
      data-license="Apache License 2.0"
      data-source="Material Design"
      fill="currentColor"
      height="1em"
      preserveAspectRatio="xMidYMid meet"
      style={
        Object {
          "color": undefined,
          "verticalAlign": "middle",
        }
      }
      viewBox="0 0 24 24"
      width="1em"
    >
      <title>
        Cross
      </title>
      <g>
        <path
          d="M19 6.41L17.59 5 12 10.59 6.41 5 5 6.41 10.59 12 5 17.59 6.41 19 12 13.41 17.59 19 19 17.59 13.41 12z"
        />
        <path
          d="M0 0h24v24H0z"
          fill="none"
        />
      </g>
    </svg>
  </button>
  <span>
    This is error
  </span>
</div>
`;
