// Jest Snapshot v1, https://goo.gl/fbAQLP

exports[`DisplayExternal display error on fetch fail 1`] = `null`;

exports[`DisplayExternal renders external correctly 1`] = `null`;

exports[`DisplayExternal renders iframe correctly 1`] = `
.emotion-14 {
  position: absolute;
  top: 0;
  z-index: 1;
  right: -6.5px;
}

.emotion-14 > * {
  margin-bottom: 6.5px;
}

.emotion-5 {
  position: relative;
}

.emotion-1 {
  opacity: 0;
  position: absolute;
  z-index: 9999;
  pointer-events: none;
  -webkit-animation-fill-mode: forwards;
  animation-fill-mode: forwards;
  -webkit-animation-delay: 0ms;
  animation-delay: 0ms;
  -webkit-animation-duration: 300ms;
  animation-duration: 300ms;
}

.emotion-0 {
  display: block;
  color: #fff;
  background: #20588f;
  border-radius: 2px;
  padding: 6.5px 13px;
  font-family: 'Source Sans Pro',Helvetica,Arial,STKaiti,'华文楷体',KaiTi,SimKai,'楷体',KaiU,DFKai-SB,'標楷體',SongTi,'宋体',sans-serif;
  font-size: 14;
  font-size: 0.7777777777777778rem;
  line-height: 1.2 font-weight:400;
  color: $white;
  text-align: center;
  white-space: nowrap;
  max-width: calc(100vw - #{26px});
}

.emotion-3 {
  display: -webkit-box;
  display: -webkit-flex;
  display: -ms-flexbox;
  display: flex;
  -webkit-align-items: center;
  -webkit-box-align: center;
  -ms-flex-align: center;
  align-items: center;
  -webkit-box-pack: center;
  -webkit-justify-content: center;
  -ms-flex-pack: center;
  justify-content: center;
  margin: 0;
  padding: 0;
  background: 0;
  border: 0;
  -webkit-text-decoration: none;
  text-decoration: none;
  box-shadow: none;
  color: #d1372e99;
  width: 26px;
  height: 26px;
}

.emotion-3 svg {
  width: 22px;
  height: 22px;
  position: relative;
  z-index: 1;
  pointer-events: none;
}

.emotion-3::before {
  content: '';
  display: block;
  position: absolute;
  width: 26px;
  height: 26px;
  background: #d1372e4D;
  border-radius: 100%;
  -webkit-transform: scale(0.5);
  -ms-transform: scale(0.5);
  transform: scale(0.5);
  opacity: 0;
  -webkit-transition: all 200ms ease;
  transition: all 200ms ease;
}

.emotion-3:hover,
.emotion-3:focus {
  color: #d1372e;
}

.emotion-3:hover::before,
.emotion-3:focus::before {
  -webkit-transform: scale(1.25);
  -ms-transform: scale(1.25);
  transform: scale(1.25);
  opacity: 1;
}

.emotion-10 {
  display: -webkit-box;
  display: -webkit-flex;
  display: -ms-flexbox;
  display: flex;
  -webkit-align-items: center;
  -webkit-box-align: center;
  -ms-flex-align: center;
  align-items: center;
  -webkit-box-pack: center;
  -webkit-justify-content: center;
  -ms-flex-pack: center;
  justify-content: center;
  margin: 0;
  padding: 0;
  background: 0;
  border: 0;
  -webkit-text-decoration: none;
  text-decoration: none;
  box-shadow: none;
  color: #a5bcd3;
  width: 26px;
  height: 26px;
}

.emotion-10 svg {
  width: 22px;
  height: 22px;
  position: relative;
  z-index: 1;
  pointer-events: none;
}

.emotion-10::before {
  content: '';
  display: block;
  position: absolute;
  width: 26px;
  height: 26px;
  background: #deebf6;
  border-radius: 100%;
  -webkit-transform: scale(0.5);
  -ms-transform: scale(0.5);
  transform: scale(0.5);
  opacity: 0;
  -webkit-transition: all 200ms ease;
  transition: all 200ms ease;
}

.emotion-10:hover,
.emotion-10:focus {
  color: #20588f;
}

.emotion-10:hover::before,
.emotion-10:focus::before {
  -webkit-transform: scale(1.25);
  -ms-transform: scale(1.25);
  transform: scale(1.25);
  opacity: 1;
}

<div
  className="c-figure"
>
  <div
    className="emotion-14 emotion-15"
  >
    <div
      className=" emotion-5 emotion-6"
    >
      <div
        className="emotion-1 emotion-2"
      >
        <span
          className="emotion-0"
          role="tooltip"
          style={Object {}}
        >
          
        </span>
      </div>
      <div
        aria-label=""
        className=""
        onMouseEnter={[Function]}
        onMouseLeave={[Function]}
      >
        <button
          className="emotion-3 emotion-4"
          color="red"
          data-cy="remove-element"
          onClick={[Function]}
          tabIndex={-1}
          type="button"
        >
          <svg
            className="c-icon"
            data-license="Apache License 2.0"
            data-source="Material Design"
            fill="currentColor"
            height="1em"
            preserveAspectRatio="xMidYMid meet"
            style={
              Object {
                "color": undefined,
                "verticalAlign": "middle",
              }
            }
            viewBox="0 0 24 24"
            width="1em"
          >
            <title>
              DeleteForever
            </title>
            <g>
              <path
                d="M0 0h24v24H0V0z"
                fill="none"
              />
              <path
                d="M6 19c0 1.1.9 2 2 2h8c1.1 0 2-.9 2-2V7H6v12zm2.46-7.12l1.41-1.41L12 12.59l2.12-2.12 1.41 1.41L13.41 14l2.12 2.12-1.41 1.41L12 15.41l-2.12 2.12-1.41-1.41L10.59 14l-2.13-2.12zM15.5 4l-1-1h-5l-1 1H5v2h14V4z"
              />
              <path
                d="M0 0h24v24H0z"
                fill="none"
              />
            </g>
          </svg>
        </button>
      </div>
    </div>
    <div
      className=" emotion-5 emotion-6"
    >
      <div
        className="emotion-1 emotion-2"
      >
        <span
          className="emotion-0"
          role="tooltip"
          style={Object {}}
        >
          
        </span>
      </div>
      <div
        aria-label=""
        className=""
        onMouseEnter={[Function]}
        onMouseLeave={[Function]}
      >
        <button
          className="emotion-10 emotion-4"
          onClick={[Function]}
          tabIndex={-1}
        >
          <svg
            className="c-icon"
            data-license="Apache License 2.0"
            data-source="Material Design"
            fill="currentColor"
            height="1em"
            preserveAspectRatio="xMidYMid meet"
            style={
              Object {
                "color": undefined,
                "verticalAlign": "middle",
              }
            }
            viewBox="0 0 24 24"
            width="1em"
          >
            <title>
              Link
            </title>
            <g>
              <path
                d="M0 0h24v24H0z"
                fill="none"
              />
              <path
                d="M3.9 12c0-1.71 1.39-3.1 3.1-3.1h4V7H7c-2.76 0-5 2.24-5 5s2.24 5 5 5h4v-1.9H7c-1.71 0-3.1-1.39-3.1-3.1zM8 13h8v-2H8v2zm9-6h-4v1.9h4c1.71 0 3.1 1.39 3.1 3.1s-1.39 3.1-3.1 3.1h-4V17h4c2.76 0 5-2.24 5-5s-2.24-5-5-5z"
              />
            </g>
          </svg>
        </button>
      </div>
    </div>
  </div>
  <iframe
    allowFullScreen={true}
    frameBorder="0"
    height="486px"
    scrolling="no"
    src="https://nb.khanacademy.org/embed_video?v=jHPr-CuvHhs"
    title="nb.khanacademy.org"
  />
</div>
`;
