// Jest Snapshot v1, https://goo.gl/fbAQLP

exports[`Goes to edit mode, handles input and calls action prop 1`] = `
.emotion-0 {
  display: inline-block;
  color: #ffffff;
  background-color: #20588f;
  border: 2px solid #20588f;
  border-radius: 4px;
  padding: 4px 13px;
  outline-width: 0;
  cursor: pointer;
  -webkit-text-decoration: none;
  text-decoration: none;
  font-size: 16px;
  font-size: 0.8888888888888888rem;
  line-height: 1.625;
  font-family: 'Source Sans Pro',Helvetica,Arial,STKaiti,'华文楷体',KaiTi,SimKai,'楷体',KaiU,DFKai-SB,'標楷體',SongTi,'宋体',sans-serif;
  font-weight: 700;
  -webkit-transition: all .2s cubic-bezier(0.17,0.04,0.03,0.94);
  transition: all .2s cubic-bezier(0.17,0.04,0.03,0.94);
  box-shadow: none;
  text-align: center;
  -webkit-transition: background-color none;
  transition: background-color none;
  padding: 0;
  border-radius: 0;
  color: inherit;
  font-size: inherit;
  background-color: transparent;
  box-shadow: none;
  border: none;
  font-weight: 400;
  height: 50px;
  margin-left: auto;
  padding: 0 13px;
  white-space: nowrap;
  font-size: 1.1rem;
  background: linear-gradient( rgba(226,226,226,0.1), #507aa4 50%, rgba(226,226,226,0.1) 100% );
}

.emotion-0:hover,
.emotion-0:focus {
  color: white;
  background-color: #184673;
  border: 2px solid #184673;
}

.emotion-0[disabled] {
  color: #777777;
  background-color: #e6e6e6;
  border-color: transparent;
  cursor: not-allowed;
}

.emotion-0:focus {
  box-shadow: 0 0 2px #20588f;
}

.emotion-0:hover,
.emotion-0:active,
.emotion-0:disabled,
.emotion-0:focus {
  box-shadow: none;
  color: #20588f;
  background-color: transparent;
  border: none;
}

.emotion-0:focus {
  outline-width: medium;
}

.emotion-0:hover {
  color: white;
}

<button
  class="emotion-0 emotion-1"
  data-testid="AddSubjectButton"
  type="button"
>
  <svg
    class="c-icon"
    data-license="Apache License 2.0"
    data-source="Material Design"
    fill="currentColor"
    height="1em"
    preserveAspectRatio="xMidYMid meet"
    style="vertical-align: middle;"
    viewBox="0 0 24 24"
    width="1em"
  >
    <title>
      Plus
    </title>
    <g>
      <path
        d="M19 13h-6v6h-2v-6H5v-2h6V5h2v6h6v2z"
      />
      <path
        d="M0 0h24v24H0z"
        fill="none"
      />
    </g>
  </svg>
  Test
</button>
`;

exports[`Goes to edit mode, handles input and calls action prop 2`] = `
.emotion-0 {
  margin: calc(13px / 2);
  width: 200px;
}

<input
  class="emotion-0"
  data-testid="addSubjectInputField"
  type="text"
  value="Elefant"
/>
`;

exports[`Goes to edit mode, handles input and calls action prop 3`] = `
.emotion-0 {
  margin: calc(13px / 2);
  width: 200px;
}

<input
  class="emotion-0"
  data-testid="addSubjectInputField"
  type="text"
  value="Elefant"
/>
`;
