// Jest Snapshot v1, https://goo.gl/fbAQLP

exports[`matches snapshot 1`] = `
.emotion-0 {
  color: #20588f;
}

.emotion-2 {
  display: inline-block;
  color: #ffffff;
  background-color: #20588f;
  border: 2px solid #20588f;
  border-radius: 4px;
  padding: 4px 13px;
  outline-width: 0;
  cursor: pointer;
  -webkit-text-decoration: none;
  text-decoration: none;
  font-size: 16px;
  font-size: 0.8888888888888888rem;
  line-height: 1.625;
  font-family: 'Source Sans Pro',Helvetica,Arial,STKaiti,'华文楷体',KaiTi,SimKai,'楷体',KaiU,DFKai-SB,'標楷體',SongTi,'宋体',sans-serif;
  font-weight: 700;
  -webkit-transition: all .2s cubic-bezier(0.17,0.04,0.03,0.94);
  transition: all .2s cubic-bezier(0.17,0.04,0.03,0.94);
  box-shadow: none;
  text-align: center;
  -webkit-transition: background-color none;
  transition: background-color none;
  padding: 0;
  border-radius: 0;
  color: inherit;
  font-size: inherit;
  background-color: transparent;
  box-shadow: none;
  border: none;
  font-weight: 400;
}

.emotion-2:hover,
.emotion-2:focus {
  color: white;
  background-color: #184673;
  border: 2px solid #184673;
}

.emotion-2[disabled] {
  color: #777777;
  background-color: #e6e6e6;
  border-color: transparent;
  cursor: not-allowed;
}

.emotion-2:focus {
  box-shadow: 0 0 2px #20588f;
}

.emotion-2:hover,
.emotion-2:active,
.emotion-2:disabled,
.emotion-2:focus {
  box-shadow: none;
  color: #20588f;
  background-color: transparent;
  border: none;
}

.emotion-2:focus {
  outline-width: medium;
}

<ul
  class="c-topic-resource__list"
>
  <div
    class="c-dnd-list__drop-zone"
  >
    <div
      class="c-dnd-list__drag-item"
      data-react-beautiful-dnd-draggable="0"
    >
      <div
        class="c-topic-resource__text o-flag o-flag--top"
        data-testid="resource-type-topic-article"
      >
        <div
          aria-roledescription="Draggable item. Press space bar to lift"
          class="c-topic-resource__icon o-flag__img"
          data-react-beautiful-dnd-drag-handle="0"
          draggable="false"
          tabindex="0"
        >
          <div
            class="c-content-type-badge c-content-type-badge--topic c-content-type-badge--small c-content-type-badge--background c-content-type-badge--border"
          >
            <svg
              class="c-icon"
              data-license="Apache License 2.0"
              data-source="Material Design"
              fill="currentColor"
              height="1em"
              preserveAspectRatio="xMidYMid meet"
              style="vertical-align: middle;"
              viewBox="0 0 24 24"
              width="1em"
            >
              <title>
                Subject
              </title>
              <g>
                <title>
                  Emne
                </title>
                <defs />
                <g
                  fill="none"
                  fill-rule="evenodd"
                  stroke="none"
                  stroke-width="1"
                >
                  <g
                    fill="currentColor"
                  >
                    <path
                      d="M18.3433438,19.3913043 L18.3433438,3.73913043 C9.97639325,3.73913043 5.79291797,3.73913043 5.79291797,3.73913043 C5.79291797,3.73913043 5.79291797,8.95652174 5.79291797,19.3913043 L11.9992148,16.6881419 L18.3433438,19.3913043 Z M17.7457045,2 C18.3688462,2 18.9003414,2.22222 19.3402062,2.66666667 C19.7800709,3.11111333 20,3.63555253 20,4.24 L20,22 L12,18.6666667 L4,22 L4,4.24 C4,3.63555253 4.21992907,3.11111333 4.65979381,2.66666667 C5.09965856,2.22222 5.63115381,2 6.25429553,2 L17.7457045,2 Z"
                    />
                  </g>
                </g>
              </g>
            </svg>
          </div>
        </div>
        <div
          class="c-topic-resource__body o-flag__body"
        >
          <h1
            class="c-topic-resource__title emotion-0 emotion-1"
          >
            Kontrast og balanse i grafisk design
          </h1>
        </div>
        <button
          class="emotion-2 emotion-3"
          type="button"
        >
          <svg
            class="c-icon c-topic-resource__deleteIcon"
            data-license="Apache License 2.0"
            data-source="Material Design"
            fill="currentColor"
            height="1em"
            preserveAspectRatio="xMidYMid meet"
            style="vertical-align: middle;"
            viewBox="0 0 24 24"
            width="1em"
          >
            <title>
              RemoveCircle
            </title>
            <g>
              <path
                d="M0 0h24v24H0z"
                fill="none"
              />
              <path
                d="M7 11v2h10v-2H7zm5-9C6.48 2 2 6.48 2 12s4.48 10 10 10 10-4.48 10-10S17.52 2 12 2zm0 18c-4.41 0-8-3.59-8-8s3.59-8 8-8 8 3.59 8 8-3.59 8-8 8z"
              />
            </g>
          </svg>
        </button>
      </div>
    </div>
    <div
      class="c-dnd-list__drag-item"
      data-react-beautiful-dnd-draggable="0"
    >
      <div
        class="c-topic-resource__text o-flag o-flag--top"
        data-testid="resource-type-topic-article"
      >
        <div
          aria-roledescription="Draggable item. Press space bar to lift"
          class="c-topic-resource__icon o-flag__img"
          data-react-beautiful-dnd-drag-handle="0"
          draggable="false"
          tabindex="0"
        >
          <div
            class="c-content-type-badge c-content-type-badge--topic c-content-type-badge--small c-content-type-badge--background c-content-type-badge--border"
          >
            <svg
              class="c-icon"
              data-license="Apache License 2.0"
              data-source="Material Design"
              fill="currentColor"
              height="1em"
              preserveAspectRatio="xMidYMid meet"
              style="vertical-align: middle;"
              viewBox="0 0 24 24"
              width="1em"
            >
              <title>
                Subject
              </title>
              <g>
                <title>
                  Emne
                </title>
                <defs />
                <g
                  fill="none"
                  fill-rule="evenodd"
                  stroke="none"
                  stroke-width="1"
                >
                  <g
                    fill="currentColor"
                  >
                    <path
                      d="M18.3433438,19.3913043 L18.3433438,3.73913043 C9.97639325,3.73913043 5.79291797,3.73913043 5.79291797,3.73913043 C5.79291797,3.73913043 5.79291797,8.95652174 5.79291797,19.3913043 L11.9992148,16.6881419 L18.3433438,19.3913043 Z M17.7457045,2 C18.3688462,2 18.9003414,2.22222 19.3402062,2.66666667 C19.7800709,3.11111333 20,3.63555253 20,4.24 L20,22 L12,18.6666667 L4,22 L4,4.24 C4,3.63555253 4.21992907,3.11111333 4.65979381,2.66666667 C5.09965856,2.22222 5.63115381,2 6.25429553,2 L17.7457045,2 Z"
                    />
                  </g>
                </g>
              </g>
            </svg>
          </div>
        </div>
        <div
          class="c-topic-resource__body o-flag__body"
        >
          <a
            href="/subject-matter/topic-article/89/edit"
          >
            <h1
              class="c-topic-resource__title emotion-0 emotion-1"
            >
              Hvorfor bruker vi mediene?
            </h1>
          </a>
        </div>
        <button
          class="emotion-2 emotion-3"
          type="button"
        >
          <svg
            class="c-icon c-topic-resource__deleteIcon"
            data-license="Apache License 2.0"
            data-source="Material Design"
            fill="currentColor"
            height="1em"
            preserveAspectRatio="xMidYMid meet"
            style="vertical-align: middle;"
            viewBox="0 0 24 24"
            width="1em"
          >
            <title>
              RemoveCircle
            </title>
            <g>
              <path
                d="M0 0h24v24H0z"
                fill="none"
              />
              <path
                d="M7 11v2h10v-2H7zm5-9C6.48 2 2 6.48 2 12s4.48 10 10 10 10-4.48 10-10S17.52 2 12 2zm0 18c-4.41 0-8-3.59-8-8s3.59-8 8-8 8 3.59 8 8-3.59 8-8 8z"
              />
            </g>
          </svg>
        </button>
      </div>
    </div>
    <div
      class="c-dnd-list__drag-item"
      data-react-beautiful-dnd-draggable="0"
    >
      <div
        class="c-topic-resource__text o-flag o-flag--top"
        data-testid="resource-type-topic-article"
      >
        <div
          aria-roledescription="Draggable item. Press space bar to lift"
          class="c-topic-resource__icon o-flag__img"
          data-react-beautiful-dnd-drag-handle="0"
          draggable="false"
          tabindex="0"
        >
          <div
            class="c-content-type-badge c-content-type-badge--topic c-content-type-badge--small c-content-type-badge--background c-content-type-badge--border"
          >
            <svg
              class="c-icon"
              data-license="Apache License 2.0"
              data-source="Material Design"
              fill="currentColor"
              height="1em"
              preserveAspectRatio="xMidYMid meet"
              style="vertical-align: middle;"
              viewBox="0 0 24 24"
              width="1em"
            >
              <title>
                Subject
              </title>
              <g>
                <title>
                  Emne
                </title>
                <defs />
                <g
                  fill="none"
                  fill-rule="evenodd"
                  stroke="none"
                  stroke-width="1"
                >
                  <g
                    fill="currentColor"
                  >
                    <path
                      d="M18.3433438,19.3913043 L18.3433438,3.73913043 C9.97639325,3.73913043 5.79291797,3.73913043 5.79291797,3.73913043 C5.79291797,3.73913043 5.79291797,8.95652174 5.79291797,19.3913043 L11.9992148,16.6881419 L18.3433438,19.3913043 Z M17.7457045,2 C18.3688462,2 18.9003414,2.22222 19.3402062,2.66666667 C19.7800709,3.11111333 20,3.63555253 20,4.24 L20,22 L12,18.6666667 L4,22 L4,4.24 C4,3.63555253 4.21992907,3.11111333 4.65979381,2.66666667 C5.09965856,2.22222 5.63115381,2 6.25429553,2 L17.7457045,2 Z"
                    />
                  </g>
                </g>
              </g>
            </svg>
          </div>
        </div>
        <div
          class="c-topic-resource__body o-flag__body"
        >
          <a
            href="/subject-matter/topic-article/78/edit"
          >
            <h1
              class="c-topic-resource__title emotion-0 emotion-1"
            >
              Medieundersøkelser og mediebruk
            </h1>
          </a>
        </div>
        <button
          class="emotion-2 emotion-3"
          type="button"
        >
          <svg
            class="c-icon c-topic-resource__deleteIcon"
            data-license="Apache License 2.0"
            data-source="Material Design"
            fill="currentColor"
            height="1em"
            preserveAspectRatio="xMidYMid meet"
            style="vertical-align: middle;"
            viewBox="0 0 24 24"
            width="1em"
          >
            <title>
              RemoveCircle
            </title>
            <g>
              <path
                d="M0 0h24v24H0z"
                fill="none"
              />
              <path
                d="M7 11v2h10v-2H7zm5-9C6.48 2 2 6.48 2 12s4.48 10 10 10 10-4.48 10-10S17.52 2 12 2zm0 18c-4.41 0-8-3.59-8-8s3.59-8 8-8 8 3.59 8 8-3.59 8-8 8z"
              />
            </g>
          </svg>
        </button>
      </div>
    </div>
    <div
      class="c-dnd-list__drag-item"
      data-react-beautiful-dnd-draggable="0"
    >
      <div
        class="c-topic-resource__text o-flag o-flag--top"
        data-testid="resource-type-topic-article"
      >
        <div
          aria-roledescription="Draggable item. Press space bar to lift"
          class="c-topic-resource__icon o-flag__img"
          data-react-beautiful-dnd-drag-handle="0"
          draggable="false"
          tabindex="0"
        >
          <div
            class="c-content-type-badge c-content-type-badge--topic c-content-type-badge--small c-content-type-badge--background c-content-type-badge--border"
          >
            <svg
              class="c-icon"
              data-license="Apache License 2.0"
              data-source="Material Design"
              fill="currentColor"
              height="1em"
              preserveAspectRatio="xMidYMid meet"
              style="vertical-align: middle;"
              viewBox="0 0 24 24"
              width="1em"
            >
              <title>
                Subject
              </title>
              <g>
                <title>
                  Emne
                </title>
                <defs />
                <g
                  fill="none"
                  fill-rule="evenodd"
                  stroke="none"
                  stroke-width="1"
                >
                  <g
                    fill="currentColor"
                  >
                    <path
                      d="M18.3433438,19.3913043 L18.3433438,3.73913043 C9.97639325,3.73913043 5.79291797,3.73913043 5.79291797,3.73913043 C5.79291797,3.73913043 5.79291797,8.95652174 5.79291797,19.3913043 L11.9992148,16.6881419 L18.3433438,19.3913043 Z M17.7457045,2 C18.3688462,2 18.9003414,2.22222 19.3402062,2.66666667 C19.7800709,3.11111333 20,3.63555253 20,4.24 L20,22 L12,18.6666667 L4,22 L4,4.24 C4,3.63555253 4.21992907,3.11111333 4.65979381,2.66666667 C5.09965856,2.22222 5.63115381,2 6.25429553,2 L17.7457045,2 Z"
                    />
                  </g>
                </g>
              </g>
            </svg>
          </div>
        </div>
        <div
          class="c-topic-resource__body o-flag__body"
        >
          <a
            href="/subject-matter/topic-article/813/edit"
          >
            <h1
              class="c-topic-resource__title emotion-0 emotion-1"
            >
              Mediebruk og statistikk
            </h1>
          </a>
        </div>
        <button
          class="emotion-2 emotion-3"
          type="button"
        >
          <svg
            class="c-icon c-topic-resource__deleteIcon"
            data-license="Apache License 2.0"
            data-source="Material Design"
            fill="currentColor"
            height="1em"
            preserveAspectRatio="xMidYMid meet"
            style="vertical-align: middle;"
            viewBox="0 0 24 24"
            width="1em"
          >
            <title>
              RemoveCircle
            </title>
            <g>
              <path
                d="M0 0h24v24H0z"
                fill="none"
              />
              <path
                d="M7 11v2h10v-2H7zm5-9C6.48 2 2 6.48 2 12s4.48 10 10 10 10-4.48 10-10S17.52 2 12 2zm0 18c-4.41 0-8-3.59-8-8s3.59-8 8-8 8 3.59 8 8-3.59 8-8 8z"
              />
            </g>
          </svg>
        </button>
      </div>
    </div>
    <div
      class="c-dnd-list__drag-item"
      data-react-beautiful-dnd-draggable="0"
    >
      <div
        class="c-topic-resource__text o-flag o-flag--top"
        data-testid="resource-type-topic-article"
      >
        <div
          aria-roledescription="Draggable item. Press space bar to lift"
          class="c-topic-resource__icon o-flag__img"
          data-react-beautiful-dnd-drag-handle="0"
          draggable="false"
          tabindex="0"
        >
          <div
            class="c-content-type-badge c-content-type-badge--topic c-content-type-badge--small c-content-type-badge--background c-content-type-badge--border"
          >
            <svg
              class="c-icon"
              data-license="Apache License 2.0"
              data-source="Material Design"
              fill="currentColor"
              height="1em"
              preserveAspectRatio="xMidYMid meet"
              style="vertical-align: middle;"
              viewBox="0 0 24 24"
              width="1em"
            >
              <title>
                Subject
              </title>
              <g>
                <title>
                  Emne
                </title>
                <defs />
                <g
                  fill="none"
                  fill-rule="evenodd"
                  stroke="none"
                  stroke-width="1"
                >
                  <g
                    fill="currentColor"
                  >
                    <path
                      d="M18.3433438,19.3913043 L18.3433438,3.73913043 C9.97639325,3.73913043 5.79291797,3.73913043 5.79291797,3.73913043 C5.79291797,3.73913043 5.79291797,8.95652174 5.79291797,19.3913043 L11.9992148,16.6881419 L18.3433438,19.3913043 Z M17.7457045,2 C18.3688462,2 18.9003414,2.22222 19.3402062,2.66666667 C19.7800709,3.11111333 20,3.63555253 20,4.24 L20,22 L12,18.6666667 L4,22 L4,4.24 C4,3.63555253 4.21992907,3.11111333 4.65979381,2.66666667 C5.09965856,2.22222 5.63115381,2 6.25429553,2 L17.7457045,2 Z"
                    />
                  </g>
                </g>
              </g>
            </svg>
          </div>
        </div>
        <div
          class="c-topic-resource__body o-flag__body"
        >
          <a
            href="/subject-matter/topic-article/508/edit"
          >
            <h1
              class="c-topic-resource__title emotion-0 emotion-1"
            >
              Identitet og mediebruk
            </h1>
          </a>
        </div>
        <button
          class="emotion-2 emotion-3"
          type="button"
        >
          <svg
            class="c-icon c-topic-resource__deleteIcon"
            data-license="Apache License 2.0"
            data-source="Material Design"
            fill="currentColor"
            height="1em"
            preserveAspectRatio="xMidYMid meet"
            style="vertical-align: middle;"
            viewBox="0 0 24 24"
            width="1em"
          >
            <title>
              RemoveCircle
            </title>
            <g>
              <path
                d="M0 0h24v24H0z"
                fill="none"
              />
              <path
                d="M7 11v2h10v-2H7zm5-9C6.48 2 2 6.48 2 12s4.48 10 10 10 10-4.48 10-10S17.52 2 12 2zm0 18c-4.41 0-8-3.59-8-8s3.59-8 8-8 8 3.59 8 8-3.59 8-8 8z"
              />
            </g>
          </svg>
        </button>
      </div>
    </div>
    <div
      class="c-dnd-list__drag-item"
      data-react-beautiful-dnd-draggable="0"
    >
      <div
        class="c-topic-resource__text o-flag o-flag--top"
        data-testid="resource-type-topic-article"
      >
        <div
          aria-roledescription="Draggable item. Press space bar to lift"
          class="c-topic-resource__icon o-flag__img"
          data-react-beautiful-dnd-drag-handle="0"
          draggable="false"
          tabindex="0"
        >
          <div
            class="c-content-type-badge c-content-type-badge--topic c-content-type-badge--small c-content-type-badge--background c-content-type-badge--border"
          >
            <svg
              class="c-icon"
              data-license="Apache License 2.0"
              data-source="Material Design"
              fill="currentColor"
              height="1em"
              preserveAspectRatio="xMidYMid meet"
              style="vertical-align: middle;"
              viewBox="0 0 24 24"
              width="1em"
            >
              <title>
                Subject
              </title>
              <g>
                <title>
                  Emne
                </title>
                <defs />
                <g
                  fill="none"
                  fill-rule="evenodd"
                  stroke="none"
                  stroke-width="1"
                >
                  <g
                    fill="currentColor"
                  >
                    <path
                      d="M18.3433438,19.3913043 L18.3433438,3.73913043 C9.97639325,3.73913043 5.79291797,3.73913043 5.79291797,3.73913043 C5.79291797,3.73913043 5.79291797,8.95652174 5.79291797,19.3913043 L11.9992148,16.6881419 L18.3433438,19.3913043 Z M17.7457045,2 C18.3688462,2 18.9003414,2.22222 19.3402062,2.66666667 C19.7800709,3.11111333 20,3.63555253 20,4.24 L20,22 L12,18.6666667 L4,22 L4,4.24 C4,3.63555253 4.21992907,3.11111333 4.65979381,2.66666667 C5.09965856,2.22222 5.63115381,2 6.25429553,2 L17.7457045,2 Z"
                    />
                  </g>
                </g>
              </g>
            </svg>
          </div>
        </div>
        <div
          class="c-topic-resource__body o-flag__body"
        >
          <a
            href="/subject-matter/topic-article/401/edit"
          >
            <h1
              class="c-topic-resource__title emotion-0 emotion-1"
            >
              Mediepåvirkning
            </h1>
          </a>
        </div>
        <button
          class="emotion-2 emotion-3"
          type="button"
        >
          <svg
            class="c-icon c-topic-resource__deleteIcon"
            data-license="Apache License 2.0"
            data-source="Material Design"
            fill="currentColor"
            height="1em"
            preserveAspectRatio="xMidYMid meet"
            style="vertical-align: middle;"
            viewBox="0 0 24 24"
            width="1em"
          >
            <title>
              RemoveCircle
            </title>
            <g>
              <path
                d="M0 0h24v24H0z"
                fill="none"
              />
              <path
                d="M7 11v2h10v-2H7zm5-9C6.48 2 2 6.48 2 12s4.48 10 10 10 10-4.48 10-10S17.52 2 12 2zm0 18c-4.41 0-8-3.59-8-8s3.59-8 8-8 8 3.59 8 8-3.59 8-8 8z"
              />
            </g>
          </svg>
        </button>
      </div>
    </div>
  </div>
</ul>
`;
